Java HotSpot(TM) 64-Bit Server VM (25.231-b11) for bsd-amd64 JRE (1.8.0_231-b11), built on Oct  5 2019 03:15:25 by "java_re" with gcc 4.2.1 (Based on Apple Inc. build 5658) (LLVM build 2336.11.00)
Memory: 4k page, physical 16777216k(954692k free)

/proc/meminfo:

CommandLine flags: -XX:InitialHeapSize=268435456 -XX:MaxHeapSize=4294967296 -XX:+PrintGC -XX:+PrintGCDateStamps -XX:+PrintGCDetails -XX:+PrintGCTimeStamps -XX:+UseCompressedClassPointers -XX:+UseCompressedOops -XX:+UseG1GC 
2020-10-29T13:25:05.282-0800: 0.110: [GC pause (G1 Evacuation Pause) (young), 0.0031458 secs]
   [Parallel Time: 2.7 ms, GC Workers: 8]
      [GC Worker Start (ms): Min: 110.2, Avg: 110.4, Max: 110.7, Diff: 0.5]
      [Ext Root Scanning (ms): Min: 0.0, Avg: 0.2, Max: 0.5, Diff: 0.5, Sum: 1.8]
      [Update RS (ms): Min: 0.0, Avg: 0.0, Max: 0.0, Diff: 0.0, Sum: 0.0]
         [Processed Buffers: Min: 0, Avg: 0.0, Max: 0, Diff: 0, Sum: 0]
      [Scan RS (ms): Min: 0.0, Avg: 0.0, Max: 0.0, Diff: 0.0, Sum: 0.0]
      [Code Root Scanning (ms): Min: 0.0, Avg: 0.0, Max: 0.0, Diff: 0.0, Sum: 0.0]
      [Object Copy (ms): Min: 1.9, Avg: 2.1, Max: 2.3, Diff: 0.4, Sum: 16.6]
      [Termination (ms): Min: 0.0, Avg: 0.1, Max: 0.2, Diff: 0.2, Sum: 1.0]
         [Termination Attempts: Min: 1, Avg: 1.0, Max: 1, Diff: 0, Sum: 8]
      [GC Worker Other (ms): Min: 0.0, Avg: 0.0, Max: 0.0, Diff: 0.0, Sum: 0.1]
      [GC Worker Total (ms): Min: 2.1, Avg: 2.4, Max: 2.6, Diff: 0.6, Sum: 19.6]
      [GC Worker End (ms): Min: 112.8, Avg: 112.8, Max: 112.9, Diff: 0.1]
   [Code Root Fixup: 0.0 ms]
   [Code Root Purge: 0.0 ms]
   [Clear CT: 0.1 ms]
   [Other: 0.4 ms]
      [Choose CSet: 0.0 ms]
      [Ref Proc: 0.2 ms]
      [Ref Enq: 0.0 ms]
      [Redirty Cards: 0.1 ms]
      [Humongous Register: 0.0 ms]
      [Humongous Reclaim: 0.0 ms]
      [Free CSet: 0.0 ms]
   [Eden: 24.0M(24.0M)->0.0B(25.0M) Survivors: 0.0B->3072.0K Heap: 32.4M(256.0M)->12.1M(256.0M)]
 [Times: user=0.01 sys=0.02, real=0.00 secs] 
2020-10-29T13:25:05.292-0800: 0.120: [GC pause (G1 Evacuation Pause) (young), 0.0044147 secs]
   [Parallel Time: 3.2 ms, GC Workers: 8]
      [GC Worker Start (ms): Min: 120.2, Avg: 120.2, Max: 120.2, Diff: 0.1]
      [Ext Root Scanning (ms): Min: 0.1, Avg: 0.1, Max: 0.3, Diff: 0.2, Sum: 1.0]
      [Update RS (ms): Min: 0.0, Avg: 0.0, Max: 0.0, Diff: 0.0, Sum: 0.1]
         [Processed Buffers: Min: 0, Avg: 0.6, Max: 2, Diff: 2, Sum: 5]
      [Scan RS (ms): Min: 0.0, Avg: 0.0, Max: 0.0, Diff: 0.0, Sum: 0.0]
      [Code Root Scanning (ms): Min: 0.0, Avg: 0.0, Max: 0.0, Diff: 0.0, Sum: 0.0]
      [Object Copy (ms): Min: 2.2, Avg: 2.5, Max: 2.7, Diff: 0.5, Sum: 19.9]
      [Termination (ms): Min: 0.0, Avg: 0.4, Max: 0.6, Diff: 0.6, Sum: 3.0]
         [Termination Attempts: Min: 1, Avg: 1.0, Max: 1, Diff: 0, Sum: 8]
      [GC Worker Other (ms): Min: 0.0, Avg: 0.0, Max: 0.0, Diff: 0.0, Sum: 0.1]
      [GC Worker Total (ms): Min: 3.0, Avg: 3.0, Max: 3.2, Diff: 0.2, Sum: 24.1]
      [GC Worker End (ms): Min: 123.1, Avg: 123.2, Max: 123.3, Diff: 0.2]
   [Code Root Fixup: 0.0 ms]
   [Code Root Purge: 0.0 ms]
   [Clear CT: 0.1 ms]
   [Other: 1.1 ms]
      [Choose CSet: 0.0 ms]
      [Ref Proc: 0.8 ms]
      [Ref Enq: 0.0 ms]
      [Redirty Cards: 0.1 ms]
      [Humongous Register: 0.0 ms]
      [Humongous Reclaim: 0.1 ms]
      [Free CSet: 0.0 ms]
   [Eden: 25.0M(25.0M)->0.0B(53.0M) Survivors: 3072.0K->4096.0K Heap: 44.7M(256.0M)->20.7M(256.0M)]
 [Times: user=0.02 sys=0.01, real=0.00 secs] 
2020-10-29T13:25:05.322-0800: 0.150: [GC pause (G1 Evacuation Pause) (young), 0.0087026 secs]
   [Parallel Time: 8.1 ms, GC Workers: 8]
      [GC Worker Start (ms): Min: 149.6, Avg: 149.7, Max: 149.7, Diff: 0.1]
      [Ext Root Scanning (ms): Min: 0.0, Avg: 0.1, Max: 0.2, Diff: 0.1, Sum: 0.7]
      [Update RS (ms): Min: 0.0, Avg: 0.1, Max: 0.2, Diff: 0.2, Sum: 0.5]
         [Processed Buffers: Min: 0, Avg: 1.2, Max: 3, Diff: 3, Sum: 10]
      [Scan RS (ms): Min: 0.0, Avg: 0.0, Max: 0.0, Diff: 0.0, Sum: 0.0]
      [Code Root Scanning (ms): Min: 0.0, Avg: 0.0, Max: 0.0, Diff: 0.0, Sum: 0.0]
      [Object Copy (ms): Min: 7.3, Avg: 7.5, Max: 7.7, Diff: 0.4, Sum: 60.3]
      [Termination (ms): Min: 0.0, Avg: 0.2, Max: 0.6, Diff: 0.6, Sum: 1.7]
         [Termination Attempts: Min: 1, Avg: 1.0, Max: 1, Diff: 0, Sum: 8]
      [GC Worker Other (ms): Min: 0.0, Avg: 0.0, Max: 0.0, Diff: 0.0, Sum: 0.1]
      [GC Worker Total (ms): Min: 7.8, Avg: 7.9, Max: 8.1, Diff: 0.3, Sum: 63.3]
      [GC Worker End (ms): Min: 157.5, Avg: 157.6, Max: 157.7, Diff: 0.2]
   [Code Root Fixup: 0.0 ms]
   [Code Root Purge: 0.0 ms]
   [Clear CT: 0.1 ms]
   [Other: 0.5 ms]
      [Choose CSet: 0.0 ms]
      [Ref Proc: 0.3 ms]
      [Ref Enq: 0.0 ms]
      [Redirty Cards: 0.1 ms]
      [Humongous Register: 0.0 ms]
      [Humongous Reclaim: 0.0 ms]
      [Free CSet: 0.0 ms]
   [Eden: 53.0M(53.0M)->0.0B(52.0M) Survivors: 4096.0K->8192.0K Heap: 87.6M(256.0M)->46.5M(256.0M)]
 [Times: user=0.01 sys=0.03, real=0.01 secs] 
2020-10-29T13:25:05.345-0800: 0.173: [GC pause (G1 Evacuation Pause) (young), 0.0091612 secs]
   [Parallel Time: 6.5 ms, GC Workers: 8]
      [GC Worker Start (ms): Min: 172.7, Avg: 172.8, Max: 172.8, Diff: 0.1]
      [Ext Root Scanning (ms): Min: 0.1, Avg: 0.1, Max: 0.2, Diff: 0.1, Sum: 1.1]
      [Update RS (ms): Min: 0.5, Avg: 0.5, Max: 0.6, Diff: 0.0, Sum: 4.3]
         [Processed Buffers: Min: 6, Avg: 7.0, Max: 8, Diff: 2, Sum: 56]
      [Scan RS (ms): Min: 0.0, Avg: 0.0, Max: 0.0, Diff: 0.0, Sum: 0.0]
      [Code Root Scanning (ms): Min: 0.0, Avg: 0.0, Max: 0.0, Diff: 0.0, Sum: 0.0]
      [Object Copy (ms): Min: 5.2, Avg: 5.4, Max: 5.5, Diff: 0.3, Sum: 43.1]
      [Termination (ms): Min: 0.0, Avg: 0.1, Max: 0.4, Diff: 0.4, Sum: 1.2]
         [Termination Attempts: Min: 1, Avg: 1.0, Max: 1, Diff: 0, Sum: 8]
      [GC Worker Other (ms): Min: 0.0, Avg: 0.0, Max: 0.0, Diff: 0.0, Sum: 0.1]
      [GC Worker Total (ms): Min: 6.1, Avg: 6.2, Max: 6.4, Diff: 0.2, Sum: 49.8]
      [GC Worker End (ms): Min: 178.9, Avg: 179.0, Max: 179.1, Diff: 0.2]
   [Code Root Fixup: 0.0 ms]
   [Code Root Purge: 0.0 ms]
   [Clear CT: 0.1 ms]
   [Other: 2.5 ms]
      [Choose CSet: 0.0 ms]
      [Ref Proc: 0.3 ms]
      [Ref Enq: 0.0 ms]
      [Redirty Cards: 0.1 ms]
      [Humongous Register: 0.0 ms]
      [Humongous Reclaim: 0.0 ms]
      [Free CSet: 0.0 ms]
   [Eden: 52.0M(52.0M)->0.0B(71.0M) Survivors: 8192.0K->8192.0K Heap: 112.8M(256.0M)->71.9M(512.0M)]
 [Times: user=0.02 sys=0.02, real=0.01 secs] 
2020-10-29T13:25:05.399-0800: 0.227: [GC pause (G1 Evacuation Pause) (young), 0.0127478 secs]
   [Parallel Time: 8.3 ms, GC Workers: 8]
      [GC Worker Start (ms): Min: 227.2, Avg: 227.3, Max: 227.3, Diff: 0.1]
      [Ext Root Scanning (ms): Min: 0.1, Avg: 0.1, Max: 0.2, Diff: 0.1, Sum: 0.9]
      [Update RS (ms): Min: 0.2, Avg: 0.2, Max: 0.2, Diff: 0.1, Sum: 1.4]
         [Processed Buffers: Min: 1, Avg: 2.2, Max: 3, Diff: 2, Sum: 18]
      [Scan RS (ms): Min: 0.0, Avg: 0.0, Max: 0.0, Diff: 0.0, Sum: 0.1]
      [Code Root Scanning (ms): Min: 0.0, Avg: 0.0, Max: 0.0, Diff: 0.0, Sum: 0.0]
      [Object Copy (ms): Min: 7.3, Avg: 7.5, Max: 7.7, Diff: 0.5, Sum: 59.7]
      [Termination (ms): Min: 0.0, Avg: 0.3, Max: 0.6, Diff: 0.6, Sum: 2.8]
         [Termination Attempts: Min: 1, Avg: 1.0, Max: 1, Diff: 0, Sum: 8]
      [GC Worker Other (ms): Min: 0.0, Avg: 0.0, Max: 0.0, Diff: 0.0, Sum: 0.1]
      [GC Worker Total (ms): Min: 8.0, Avg: 8.1, Max: 8.2, Diff: 0.2, Sum: 65.0]
      [GC Worker End (ms): Min: 235.3, Avg: 235.4, Max: 235.5, Diff: 0.2]
   [Code Root Fixup: 0.0 ms]
   [Code Root Purge: 0.0 ms]
   [Clear CT: 0.1 ms]
   [Other: 4.4 ms]
      [Choose CSet: 0.0 ms]
      [Ref Proc: 0.2 ms]
      [Ref Enq: 0.0 ms]
      [Redirty Cards: 0.1 ms]
      [Humongous Register: 0.0 ms]
      [Humongous Reclaim: 0.0 ms]
      [Free CSet: 0.0 ms]
   [Eden: 71.0M(71.0M)->0.0B(99.0M) Survivors: 8192.0K->10.0M Heap: 160.3M(512.0M)->97.1M(1024.0M)]
 [Times: user=0.02 sys=0.04, real=0.02 secs] 
2020-10-29T13:25:05.470-0800: 0.298: [GC pause (G1 Evacuation Pause) (young), 0.0190373 secs]
   [Parallel Time: 12.5 ms, GC Workers: 8]
      [GC Worker Start (ms): Min: 297.9, Avg: 297.9, Max: 298.0, Diff: 0.1]
      [Ext Root Scanning (ms): Min: 0.1, Avg: 0.1, Max: 0.2, Diff: 0.1, Sum: 0.8]
      [Update RS (ms): Min: 0.2, Avg: 0.2, Max: 0.2, Diff: 0.0, Sum: 1.3]
         [Processed Buffers: Min: 1, Avg: 2.2, Max: 3, Diff: 2, Sum: 18]
      [Scan RS (ms): Min: 0.0, Avg: 0.0, Max: 0.0, Diff: 0.0, Sum: 0.1]
      [Code Root Scanning (ms): Min: 0.0, Avg: 0.0, Max: 0.0, Diff: 0.0, Sum: 0.0]
      [Object Copy (ms): Min: 11.3, Avg: 11.4, Max: 11.9, Diff: 0.5, Sum: 91.4]
      [Termination (ms): Min: 0.0, Avg: 0.5, Max: 0.7, Diff: 0.7, Sum: 4.3]
         [Termination Attempts: Min: 1, Avg: 1.0, Max: 1, Diff: 0, Sum: 8]
      [GC Worker Other (ms): Min: 0.0, Avg: 0.0, Max: 0.0, Diff: 0.0, Sum: 0.1]
      [GC Worker Total (ms): Min: 12.1, Avg: 12.3, Max: 12.4, Diff: 0.2, Sum: 98.1]
      [GC Worker End (ms): Min: 310.1, Avg: 310.2, Max: 310.3, Diff: 0.2]
   [Code Root Fixup: 0.0 ms]
   [Code Root Purge: 0.0 ms]
   [Clear CT: 0.1 ms]
   [Other: 6.5 ms]
      [Choose CSet: 0.0 ms]
      [Ref Proc: 0.5 ms]
      [Ref Enq: 0.0 ms]
      [Redirty Cards: 0.1 ms]
      [Humongous Register: 0.1 ms]
      [Humongous Reclaim: 0.1 ms]
      [Free CSet: 0.0 ms]
   [Eden: 99.0M(99.0M)->0.0B(133.0M) Survivors: 10.0M->14.0M Heap: 220.6M(1024.0M)->134.0M(1639.0M)]
 [Times: user=0.02 sys=0.06, real=0.01 secs] 
2020-10-29T13:25:05.569-0800: 0.397: [GC pause (G1 Evacuation Pause) (young), 0.0127848 secs]
   [Parallel Time: 8.2 ms, GC Workers: 8]
      [GC Worker Start (ms): Min: 397.1, Avg: 397.1, Max: 397.1, Diff: 0.1]
      [Ext Root Scanning (ms): Min: 0.1, Avg: 0.1, Max: 0.2, Diff: 0.1, Sum: 0.8]
      [Update RS (ms): Min: 0.2, Avg: 0.2, Max: 0.2, Diff: 0.1, Sum: 1.4]
         [Processed Buffers: Min: 0, Avg: 2.6, Max: 4, Diff: 4, Sum: 21]
      [Scan RS (ms): Min: 0.0, Avg: 0.0, Max: 0.0, Diff: 0.0, Sum: 0.1]
      [Code Root Scanning (ms): Min: 0.0, Avg: 0.0, Max: 0.0, Diff: 0.0, Sum: 0.0]
      [Object Copy (ms): Min: 7.7, Avg: 7.7, Max: 7.8, Diff: 0.1, Sum: 62.0]
      [Termination (ms): Min: 0.0, Avg: 0.0, Max: 0.1, Diff: 0.1, Sum: 0.3]
         [Termination Attempts: Min: 1, Avg: 1.0, Max: 1, Diff: 0, Sum: 8]
      [GC Worker Other (ms): Min: 0.0, Avg: 0.0, Max: 0.0, Diff: 0.0, Sum: 0.1]
      [GC Worker Total (ms): Min: 8.1, Avg: 8.1, Max: 8.1, Diff: 0.1, Sum: 64.7]
      [GC Worker End (ms): Min: 405.2, Avg: 405.2, Max: 405.2, Diff: 0.0]
   [Code Root Fixup: 0.0 ms]
   [Code Root Purge: 0.0 ms]
   [Clear CT: 0.1 ms]
   [Other: 4.5 ms]
      [Choose CSet: 0.0 ms]
      [Ref Proc: 0.3 ms]
      [Ref Enq: 0.0 ms]
      [Redirty Cards: 0.1 ms]
      [Humongous Register: 0.1 ms]
      [Humongous Reclaim: 0.1 ms]
      [Free CSet: 0.0 ms]
   [Eden: 133.0M(133.0M)->0.0B(184.0M) Survivors: 14.0M->19.0M Heap: 299.2M(1639.0M)->184.7M(2131.0M)]
 [Times: user=0.02 sys=0.03, real=0.02 secs] 
2020-10-29T13:25:05.684-0800: 0.512: [GC pause (G1 Evacuation Pause) (young), 0.0262717 secs]
   [Parallel Time: 22.3 ms, GC Workers: 8]
      [GC Worker Start (ms): Min: 512.4, Avg: 512.5, Max: 512.5, Diff: 0.1]
      [Ext Root Scanning (ms): Min: 0.0, Avg: 0.1, Max: 0.2, Diff: 0.1, Sum: 0.7]
      [Update RS (ms): Min: 0.1, Avg: 0.2, Max: 0.3, Diff: 0.1, Sum: 1.4]
         [Processed Buffers: Min: 0, Avg: 2.0, Max: 3, Diff: 3, Sum: 16]
      [Scan RS (ms): Min: 0.0, Avg: 0.0, Max: 0.0, Diff: 0.0, Sum: 0.1]
      [Code Root Scanning (ms): Min: 0.0, Avg: 0.0, Max: 0.0, Diff: 0.0, Sum: 0.0]
      [Object Copy (ms): Min: 21.5, Avg: 21.6, Max: 21.8, Diff: 0.3, Sum: 173.1]
      [Termination (ms): Min: 0.0, Avg: 0.2, Max: 0.4, Diff: 0.4, Sum: 1.4]
         [Termination Attempts: Min: 1, Avg: 1.8, Max: 3, Diff: 2, Sum: 14]
      [GC Worker Other (ms): Min: 0.0, Avg: 0.0, Max: 0.0, Diff: 0.0, Sum: 0.1]
      [GC Worker Total (ms): Min: 22.0, Avg: 22.1, Max: 22.2, Diff: 0.2, Sum: 176.9]
      [GC Worker End (ms): Min: 534.5, Avg: 534.6, Max: 534.7, Diff: 0.1]
   [Code Root Fixup: 0.0 ms]
   [Code Root Purge: 0.0 ms]
   [Clear CT: 0.1 ms]
   [Other: 3.8 ms]
      [Choose CSet: 0.0 ms]
      [Ref Proc: 0.1 ms]
      [Ref Enq: 0.0 ms]
      [Redirty Cards: 0.1 ms]
      [Humongous Register: 0.1 ms]
      [Humongous Reclaim: 0.2 ms]
      [Free CSet: 0.0 ms]
   [Eden: 184.0M(184.0M)->0.0B(189.0M) Survivors: 19.0M->26.0M Heap: 419.8M(2131.0M)->258.8M(2524.0M)]
 [Times: user=0.04 sys=0.10, real=0.03 secs] 
2020-10-29T13:25:05.817-0800: 0.645: [GC pause (G1 Evacuation Pause) (young), 0.0262598 secs]
   [Parallel Time: 22.7 ms, GC Workers: 8]
      [GC Worker Start (ms): Min: 645.1, Avg: 645.2, Max: 645.3, Diff: 0.2]
      [Ext Root Scanning (ms): Min: 0.0, Avg: 0.1, Max: 0.2, Diff: 0.2, Sum: 0.5]
      [Update RS (ms): Min: 0.2, Avg: 0.2, Max: 0.3, Diff: 0.2, Sum: 1.8]
         [Processed Buffers: Min: 0, Avg: 2.8, Max: 4, Diff: 4, Sum: 22]
      [Scan RS (ms): Min: 0.0, Avg: 0.0, Max: 0.0, Diff: 0.0, Sum: 0.1]
      [Code Root Scanning (ms): Min: 0.0, Avg: 0.0, Max: 0.0, Diff: 0.0, Sum: 0.0]
      [Object Copy (ms): Min: 21.8, Avg: 21.9, Max: 22.1, Diff: 0.3, Sum: 175.1]
      [Termination (ms): Min: 0.0, Avg: 0.2, Max: 0.4, Diff: 0.4, Sum: 2.0]
         [Termination Attempts: Min: 1, Avg: 1.8, Max: 3, Diff: 2, Sum: 14]
      [GC Worker Other (ms): Min: 0.0, Avg: 0.0, Max: 0.0, Diff: 0.0, Sum: 0.1]
      [GC Worker Total (ms): Min: 22.3, Avg: 22.5, Max: 22.6, Diff: 0.3, Sum: 179.7]
      [GC Worker End (ms): Min: 667.6, Avg: 667.7, Max: 667.8, Diff: 0.2]
   [Code Root Fixup: 0.0 ms]
   [Code Root Purge: 0.0 ms]
   [Clear CT: 0.1 ms]
   [Other: 3.5 ms]
      [Choose CSet: 0.0 ms]
      [Ref Proc: 0.2 ms]
      [Ref Enq: 0.0 ms]
      [Redirty Cards: 0.1 ms]
      [Humongous Register: 0.1 ms]
      [Humongous Reclaim: 0.2 ms]
      [Free CSet: 0.1 ms]
   [Eden: 189.0M(189.0M)->0.0B(206.0M) Survivors: 26.0M->27.0M Heap: 506.8M(2524.0M)->317.4M(2839.0M)]
 [Times: user=0.04 sys=0.09, real=0.03 secs] 
2020-10-29T13:25:05.954-0800: 0.782: [GC pause (G1 Evacuation Pause) (young), 0.0209595 secs]
   [Parallel Time: 18.1 ms, GC Workers: 8]
      [GC Worker Start (ms): Min: 782.0, Avg: 782.1, Max: 782.1, Diff: 0.1]
      [Ext Root Scanning (ms): Min: 0.1, Avg: 0.1, Max: 0.2, Diff: 0.1, Sum: 0.8]
      [Update RS (ms): Min: 0.2, Avg: 0.3, Max: 0.6, Diff: 0.4, Sum: 2.5]
         [Processed Buffers: Min: 0, Avg: 2.1, Max: 3, Diff: 3, Sum: 17]
      [Scan RS (ms): Min: 0.0, Avg: 0.0, Max: 0.1, Diff: 0.1, Sum: 0.3]
      [Code Root Scanning (ms): Min: 0.0, Avg: 0.0, Max: 0.0, Diff: 0.0, Sum: 0.0]
      [Object Copy (ms): Min: 17.1, Avg: 17.4, Max: 17.6, Diff: 0.4, Sum: 139.0]
      [Termination (ms): Min: 0.0, Avg: 0.2, Max: 0.2, Diff: 0.2, Sum: 1.3]
         [Termination Attempts: Min: 1, Avg: 1.0, Max: 1, Diff: 0, Sum: 8]
      [GC Worker Other (ms): Min: 0.0, Avg: 0.0, Max: 0.0, Diff: 0.0, Sum: 0.1]
      [GC Worker Total (ms): Min: 17.9, Avg: 18.0, Max: 18.1, Diff: 0.1, Sum: 144.1]
      [GC Worker End (ms): Min: 800.1, Avg: 800.1, Max: 800.1, Diff: 0.1]
   [Code Root Fixup: 0.0 ms]
   [Code Root Purge: 0.0 ms]
   [Clear CT: 0.1 ms]
   [Other: 2.7 ms]
      [Choose CSet: 0.0 ms]
      [Ref Proc: 0.2 ms]
      [Ref Enq: 0.0 ms]
      [Redirty Cards: 0.1 ms]
      [Humongous Register: 0.1 ms]
      [Humongous Reclaim: 0.2 ms]
      [Free CSet: 0.1 ms]
   [Eden: 206.0M(206.0M)->0.0B(1824.0M) Survivors: 27.0M->30.0M Heap: 571.0M(2839.0M)->369.3M(3091.0M)]
 [Times: user=0.04 sys=0.05, real=0.02 secs] 
Heap
 garbage-first heap   total 3165184K, used 1088801K [0x00000006c0000000, 0x00000006c0106098, 0x00000007c0000000)
  region size 1024K, 561 young (574464K), 30 survivors (30720K)
 Metaspace       used 2740K, capacity 4486K, committed 4864K, reserved 1056768K
  class space    used 296K, capacity 386K, committed 512K, reserved 1048576K
